"","ensembl_gene_id","external_gene_name","percentage_gene_gc_content","entrezgene_id"
"1","ENSG00000171345","KRT19",57.44,3880
"2","ENSG00000012048","BRCA1",42.93,672
